<?xml version="1.0" encoding="utf-8"?><testsuites><testsuite name="pytest" errors="0" failures="0" skipped="0" tests="0" time="0.421" timestamp="2025-12-17T00:45:26.570132" hostname="penguin-dev-lp" /></testsuites>